// Jest Snapshot v1, https://goo.gl/fbAQLP

exports[`Should Match Snapshot 1`] = `Object {}`;
